// Jest Snapshot v1, https://goo.gl/fbAQLP

exports[`When it invokes the TaskList component, should render it properly 1`] = `
<div>
  <div
    class="sc-bdvvtL iIcWDR"
  >
    <div
      class="sc-gsDKAQ bKQTPl"
    />
  </div>
</div>
`;
