// Jest Snapshot v1, https://goo.gl/fbAQLP

exports[`When it invokes the header component, should render it properly 1`] = `
<div>
  <div
    class="sc-bdvvtL eVLpMw"
  >
    <img
      src="logo192.png"
    />
    <span
      class="sc-gsDKAQ ikgMXT"
    />
  </div>
</div>
`;
