// Jest Snapshot v1, https://goo.gl/fbAQLP

exports[`When it invokes the CheckButton component, should render it properly 1`] = `
<div>
  <div
    class="sc-bdvvtL ivoDIz"
  />
</div>
`;
